// Jest Snapshot v1, https://goo.gl/fbAQLP

exports[`<AppComponent/> renders without crashing 1`] = `
<div>
  <div
    class="app landing-overlay background"
  >
    <div
      class="ui container"
    >
      <img
        src="http://res.cloudinary.com/damc3mj5u/image/upload/v1526571584/logo_uw39tc.png"
        alt="Andela logo"
        class="ui centered image"
      />
      <div
        class="ui inverted header landing-heading"
      >
        ART
      </div>
      <h1
        class="ui inverted header"
      >
        Andela Resource Tracker
      </h1>
      <button
        class="ui large button google-button"
        role="button"
      >
        <img
          src="http://res.cloudinary.com/damc3mj5u/image/upload/v1526571608/google-logo_jjjjqs.svg"
          alt="Google logo"
          class="ui left floated image"
        />
        Sign in with Google
      </button>
    </div>
  </div>
</div>
`;
